# Feed begin ######################
title: #Stefan Decker on the Semantic Web#
link: #http://www.stefandecker.org/blog/#
description: #A weblog covering semantics in computer science#
language: #en#
# Image begin #####################
url: #http://www.stefandecker.org/blog/templates/default/img/s9y_banner_small.png#
title: #RSS: Stefan Decker on the Semantic Web - A weblog covering semantics in computer science#
link: #http://www.stefandecker.org/blog/#
height: #21#
width: #100#
# Image end #######################
# Item begin ######################
id: #http://www.stefandecker.org/blog/archives/13-guid.html#
title: #Semantic Web 2.0 Tutorial at World Wide Web Conference in Edinburgh#
link: #http://www.stefandecker.org/blog/archives/13-Semantic-Web-2.0-Tutorial-at-World-Wide-Web-Conference-in-Edinburgh.html#
content: #<p>I just got the notification that our tutorial proposal (together with <a href="http://www.johnbreslin.com/">John Breslin</a>) for the <a href="http://www2006.org/">World Wide Web Conference 2006</a> on &quot;Semantic Web 2.0: Creating Social Semantic Information Spaces&quot; has been accepted. The contents of the tutorial will be about Semantic Blogging, Semantic Wikis, Social Semantic Collaborative Filtering and other new approaches related to applying and deploying semantics and social networks for information dissemination and assessment. We will introduce the audience in the state of the art in this area, including the approaches that are developed in the Semantic Web cluster at the Digital Enterprise Research Institute. The tutorial is scheduled for Friday, May 26, 2006 in Edinburgh, at the WWW Conference.</p>#
datePublished: #Sat Dec 10 14:19:01 2005#
dateUpdated: #Sat Dec 10 14:19:01 2005#
# Person begin ####################
name: #Stefan Decker#
email: #nospam@example.com#
# Person end ######################
commentsCount: #0#
commentsLink: #http://www.stefandecker.org/blog/archives/13-Semantic-Web-2.0-Tutorial-at-World-Wide-Web-Conference-in-Edinburgh.html#comments#
commentsFeed: #http://www.stefandecker.org/blog/rss.php?version=2.0&type=comments&cid=13#
commentPostUri: #http://www.stefandecker.org/blog/wfwcomment.php?cid=13#
# Item end ########################
# Feed end ########################

