<?xml version="1.0" encoding="UTF8"?>
<!DOCTYPE html PUBLIC "-//W3C//DTD XHTML 1.0 Transitional//EN" "http://www.w3.org/TR/xhtml1/DTD/xhtml1-transitional.dtd">
<html xmlns="http://www.w3.org/1999/xhtml">
  <head>
    <meta http-equiv="Content-Type" content="text/html; charset=UTF8" />
    <style type="text/css">
  /*<![CDATA[*/
    @import "main.css";
  /*]]>*/

  </style>
    <title>KMail</title>
  </head>
  <body>
    <div id="header">
      <img src="file:kmail.png" align="top" height="128" width="128" alt="kmail" title="" />
      <div id="title"><h1>KMail</h1>...just rocks!
    </div>
    </div>
    <div id="box">
      <div id="boxInner">
        <div class="center">
          <h2>Something's going on</h2>
          <p>Please wait, it will be over soon.</p>
        </div>
      </div>
    </div>
  </body>
</html>
<!-- vim:set sw=2 et nocindent smartindent: -->
