# Feed begin ######################
copyright: #A &amp; B. The history of the &lt;blink&gt; tag#
# Feed end ########################

