# Feed begin ######################
copyright: #<div xmlns="http://www.w3.org/1999/xhtml">History of the &lt;blink> tag</div>#
# Feed end ########################

