# Feed begin ######################
title: #Example title#
# Item begin ######################
id: #srXBAadtJn#
title: #Item title#
# Item end ########################
# Feed end ########################

