# Feed begin ######################
title: #Example title#
# Item begin ######################
id: #wvBNYFLtVH#
title: #Item title#
# Item end ########################
# Feed end ########################

