# Feed begin ######################
title: #Slashdot#
link: #http://slashdot.org/#
description: #News for nerds, stuff that matters#
copyright: #Copyright 1997-2004, OSTG - Open Source Technology Group, Inc.  All Rights Reserved.#
language: #en-us#
# Person begin ####################
email: #pater@slashdot.org#
# Person end ######################
# Image begin #####################
url: #http://images.slashdot.org/topics/topicslashdot.gif#
title: #Slashdot#
link: #http://slashdot.org/#
# Image end #######################
# Item begin ######################
id: #http://science.slashdot.org/article.pl?sid=05/04/25/192236&from=rss#
title: #First 500 Terabytes Transmitted via LHCGlobal Grid#
link: #http://science.slashdot.org/article.pl?sid=05/04/25/192236&from=rss#
description: #neutron_p writes &quot;When the LHC Computer Grid starts operating in 2007, it will be the most data-intensive physics instrument on the planet. Today eight major computing centers successfully completed a challenge to sustain a continuous data flow of 600 megabytes per second on average for 10 days from CERN in Geneva, Switzerland to seven sites in Europe and the US. The total amount of data transmitted during this challenge -- 500 terabytes -- would take about 250 years to download using a typical 512 kilobit per second household broadband connection.&quot;#
datePublished: #Mon Apr 25 21:39:00 2005#
dateUpdated: #Mon Apr 25 21:39:00 2005#
# Person begin ####################
name: #timothy#
# Person end ######################
commentsCount: #178#
# Item end ########################
# Item begin ######################
id: #http://it.slashdot.org/article.pl?sid=05/04/25/1710223&from=rss#
title: #NETI@home Data Analyzed#
link: #http://it.slashdot.org/article.pl?sid=05/04/25/1710223&from=rss#
description: #An anonymous reader writes &quot;The NETI@home Internet traffic statistics project (featured in Wired and Slashdot previously) has a quick analysis on the malicious traffic they observed. It's a rough world out there.&quot; Perhaps not suprising, but still disheartening, the researchers find among other things that a large portion of typical end-user traffic consists of malicious connection attempts.#
datePublished: #Mon Apr 25 20:52:00 2005#
dateUpdated: #Mon Apr 25 20:52:00 2005#
# Person begin ####################
name: #timothy#
# Person end ######################
commentsCount: #119#
# Item end ########################
# Item begin ######################
id: #http://linux.slashdot.org/article.pl?sid=05/04/25/1321207&from=rss#
title: #The Truth About Linux and Windows#
link: #http://linux.slashdot.org/article.pl?sid=05/04/25/1321207&from=rss#
description: #petrus4 writes &quot;Groklaw has an update on the Laura DiDio saga. Apparently, her complaints about &quot;Linux extremists&quot; notwithstanding, cooler heads than the usual suspects are asking questions about her research. A very interesting read, and one which will hopefully encourage corporate readers to regard the Yankee Group's findings with the requisite metric ton of salt in the future.&quot;#
datePublished: #Mon Apr 25 20:10:00 2005#
dateUpdated: #Mon Apr 25 20:10:00 2005#
# Person begin ####################
name: #Hemos#
# Person end ######################
commentsCount: #395#
# Item end ########################
# Feed end ########################

