# Feed begin ######################
title: #akregator blog#
link: #http://akregator.pwsp.net/blog#
description: #akregator developer's blog#
language: #en#
# Item begin ######################
id: #http://akregator.pwsp.net/blog/?p=26#
title: #Qt4/KDE4 build instructions#
link: #http://akregator.pwsp.net/blog/?p=26#
description: #I promised in my last entry to blog about how to build akregator from trunk.<br/>Well, Thorsten Staerk and Allen Winter already did the work, so I just point you to the KDE3to4 wiki page.<br/> kdebase is optional, you can just skip it (as it doesnâ€™t always build) and go for kdepim directly. See previous blog entry [...]#
content: #<p>I promised in my last entry to blog about how to build akregator from trunk.<br /> Well, Thorsten Staerk and Allen Winter already did the work, so I just point you to <a href="http://wiki.kde.org/tiki-index.php?page=KDE3To4">the KDE3to4 wiki page</a>.</p> <p>kdebase is optional, you can just skip it (as it doesn&#8217;t always build) and go for kdepim directly. See previous blog entry how to build and install akregator.<br /> You might also read README.qt-copy in qt-copy/ to learn how to speed up Qt4 compilation (i.e., don&#8217;t build examples and such). </p>#
datePublished: #Thu Dec 15 14:05:30 2005#
dateUpdated: #Thu Dec 15 14:05:30 2005#
# Person begin ####################
name: #frank#
# Person end ######################
# Category begin ##################
term: #General#
# Category end ####################
commentsLink: #http://akregator.pwsp.net/blog/?p=26#comments#
commentsFeed: #http://akregator.pwsp.net/blog/?feed=rss2&p=26#
# Item end ########################
# Feed end ########################

