# Feed begin ######################
title: #Chaosradio#
link: #http://chaosradio.ccc.de/#
description: #Der unterhaltsame Talk-Radio Klassiker des Chaos Computer Clubs aus Berlin und eines der ältesten Tech-Radios überhaupt. Chaosradio informiert seit 1995 über wechselnde Themen rund um Technologie und Gesellschaft.<br/><br/>Chaosradio sendet jeden letzten Mittwoch im Rahmen des &quot;Blue Moon&quot; auf dem Radiosender Fritz (RBB) jeweils von 22 bis 1 Uhr und lädt zur aktiven Teilnahme via Telefon und IRC ein.<br/><br/>Zusätzlich gibt es &quot;Chaosradio Express&quot; ca. Wochenabstand mit Kurzmeldungen und aktuellen Themen als Podcast. Der Chaos Media Feed versorgt diesen Kanal in unregelmässigen Abständen mit interessanten Filmen und Dokumenten.<br/><br/>Unter der Rufnummer +49 (1801) 99 33 22 99 55 könnt ihr Audio-Feedback zur Sendung via Telefon hinterlassen.#
copyright: #Chaos Computer Club#
language: #de#
# Category begin ##################
term: #Talk Radio#
# Category end ####################
# Image begin #####################
url: #http://chaosradio.ccc.de/chaosradio_144.jpg#
title: #Chaosradio#
link: #http://chaosradio.ccc.de/#
height: #144#
width: #144#
# Image end #######################
# Item begin ######################
id: #http://chaosradio.ccc.de/archive/chaosradio_express_020.mp3#
title: #CRE020 Mac Security#
link: #http://chaosradio.ccc.de/cre020.html#
description: #Eine Menge Feedback zu den letzten Sendungen und eine Skype-Konferenz mit Mac-Experten#
content: #<p> Die letzten Sendungen haben eine Menge Feedback angehäuft, das in dieser Ausgabe von Chaosradio Express ausführlich zur Sprache kommt. Der zweite Teil des Podcasts ist ein Gespräch mit Angelo Laub, Michael Feiri und Leonhard Becker zum Thema Macintosh Security. </p> <p> Links: </p> <ul> <li> <a href="http://www.droppingknowledge.org/bin/dkbin?drop" >Dropping Knowledge Blog</a> </li> <li> <a href="http://www.zeit.de/online/2006/08/fon_wireless" >Die Zeit: Janko Rötters: Der Wohnzimmer-Provider</a> </li> <li> <a href="http://www.sh-landtag.de/infothek/wahl16/umdrucke/0000/umdruck-16-0047.pdf" >Bericht über über die Vorprüfung zur Entscheidung über die Gültigkeit der Landtagswahl vom 20. Februar 2005</a> </li> <li> <a href="http://www.mathematik.uni-ulm.de/numerik/staff/lehn/macosx.html" >Michael Lehn: Safari Sicherheitslücke</a> </li> <li> <a href="http://blog.annulator.de/articles/2006/02/17/der-hundertste-erste-virus" >NSSecureTextBlog: Der hundertste erste "Virus"</a> </li> <li> <a href="http://www.fscklog.com/" >fscklog</a> </li> <li> <a href="http://www.heise.de/security/news/meldung/69854" >heise.de: Apples Safari führt Shell-Skripte automatisch aus</a> </li> <li> <a href="http://frank.geekheim.de/?p=156" >Knowledge Brings Fear: Apple needs to be beaten until they get it about security</a> </li> <li> <a href="http://software.silicon.com/security/0,39024655,39156900,00.htm" >silicon.com: Apple plugs 20 OS X holes</a> </li> <li> <a href="http://blog.annulator.de/articles/2006/03/03/ich-hab-leap-a" >NSSecureTextBlog: Ich hab Leap-A</a> </li> </ul> <p> Musik: </p> <ul> <li> <a href="http://konkretik.org/rdx/index.php?id=13" >p-pack berlin digital</a> </li> <li> <a href="http://www.zerinnerung.de/mix.php?id=29" >Sven Swift - The Beautiful Beat (Zerinnerung Mix 029)</a> </li> <li> <a href="http://www.zerinnerung.de/" >Zerinnerung DJ-Mix Netlabel</a> </li> </ul> <p>Im Studio: Tim Pritlove, Angelo Laub, Michael Feiri, Leonhard Becker</p>#
datePublished: #Sat Mar 4 06:00:00 2006#
dateUpdated: #Sat Mar 4 06:00:00 2006#
# Person begin ####################
name: #Chaos Computer Club#
# Person end ######################
# Enclosure begin #################
url: #http://chaosradio.ccc.de/archive/chaosradio_express_020.mp3#
type: #audio/mpeg#
length: #58084091#
duration: #3501 (0:58:21)#
# Enclosure end ###################
# Item end ########################
# Feed end ########################

