# Feed begin ######################
title: #RSS 2.0 content test G#
link: #http://www.example.com/#
description: #Feed Description#
# Item begin ######################
id: #http://www.example.com/a/1#
title: #content:encoded with CDATA#
link: #http://www.example.com/a/1#
description: #content:encoded with CDATA#
content: #<p>This entry contains a HTML-formatted content:encoded in CDATA.</p> <p>New paragraph &#8212; Scandinavian letters follow: &aelig; &oslash; &aring; </p>#
datePublished: #Sun Mar 14 19:59:12 2004#
dateUpdated: #Sun Mar 14 19:59:12 2004#
# Item end ########################
# Feed end ########################

