# Feed begin ######################
title: #RSS 2.0 Content test D#
link: #http://www.example.com/#
description: #Feed Description#
# Item begin ######################
id: #http://www.example.com/a/1#
title: #Plain text in CDATA#
link: #http://www.example.com/a/1#
description: #This entry contains only plain text inside CDATA. No escaped entities of any sort. <br/><br/> &lt; and > here. And national characters too: ï¿½,ï¿½#
datePublished: #Sun Mar 14 19:59:12 2004#
dateUpdated: #Sun Mar 14 19:59:12 2004#
# Item end ########################
# Feed end ########################

