# Feed begin ######################
title: #RSS 2.0 Content test E#
link: #http://www.example.com/#
description: #Feed Description#
# Item begin ######################
id: #http://www.example.com/a/1#
title: #Plain-text with inline HTML using escaping#
link: #http://www.example.com/a/1#
description: #This is supposed to be a paragraph. With a <a href="http://www.example.com/">link inside</a>. Another paragraph, with <a href="http://www.example.com/">yet another link</a>.#
datePublished: #Sun Mar 14 19:59:12 2004#
dateUpdated: #Sun Mar 14 19:59:12 2004#
# Item end ########################
# Feed end ########################

