# Feed begin ######################
title: #Feedster on: akregator#
link: #http://www.feedster.com/search/akregator#
description: #Feedster-powered RSS search result feed on: akregator#
# Image begin #####################
url: #http://i.feedster.com/logo_small.png#
title: #Feedster#
link: #http://feedster.com#
height: #31#
width: #88#
# Image end #######################
# Item begin ######################
id: #hash:66a4acfc976ffe0f5f8df2ab26a8c773#
title: #akregator RSS/Atom feed reader#
link: #http://akregator.sourceforge.net/#
description: #akregator allows you to browse through thousands of internet feeds without the hassle of using a web browser.#
datePublished: #Sat Mar 18 16:08:24 2006#
dateUpdated: #Sat Mar 18 16:08:24 2006#
# Item end ########################
# Item begin ######################
id: #hash:c7474e34adab9d62f2f5d5ec3057ba08#
title: #akregator RSS Atom feed reader#
link: #http://akregator.sourceforge.net/download.php#
description: #<table><tr valign=middle><td width=90 height=90><a href="http://akregator.sourceforge.net/download.php"> <img src="http://www.wists.com/thumbnails/f/03/f03b652740a2701e0df4f99075352ecf" border=0></a></td></tr><tr><td><b><a href="http://www.wists.com/?action=add&amp;url=http%3A%2F%2Fakregator.sourceforge.net%2Fdownload.php&amp;from_user=jaffa">add item to my Wists</a></b></td></tr></table> <p>#
datePublished: #Mon Mar 6 01:00:00 2006#
dateUpdated: #Mon Mar 6 01:00:00 2006#
# Item end ########################
# Item begin ######################
id: #hash:d884b2f5c94c258dce70fc7f0475c399#
title: #Kopete 0.12-alpha1#
link: #http://blog.neofreko.com/index.php/2006/02/19/kopete-012-alpha1/#
description: #<p>It is not a bad Sunday afterall. A <a href="http://matt.rogers.name/cgi-bin/pyblosxom.cgi/KDE/kopete_0.12.html">great news</a> came into my day via akregator. A new <a href="http://kopete.kde.org">Kopete</a> (alpha) release featuring yahoo conference, adium chat style, and a bunch more. OMFG, conference support and a new eye candy feature!! Okay, I’m now trying to download new styles from <a href="http://www.adiumxtras.com/index.php?a=search&amp;cat_id=5">Adium Xtras</a> website. Meanwhile, you will need to be patience waiting my connection to be less shitty before you can enjoy any screenshot <img src='http://blog.neofreko.com/wp-images/smilies/icon_smile.gif' alt=':)' class='wp-smiley' /> .</p> <a href="http://www.flickr.com/photos/geek/102180653/" title="Photo Sharing"><img src="http://static.flickr.com/19/102180653_6ee206e6a4_m.jpg" width="226" height="240" alt="kopete 0.12-alpha1" /></a> <a href="http://www.flickr.com/photos/geek/102315572/" title="Photo Sharing"><img src="http://static.flickr.com/34/102315572_b9d2316623_m.jpg" width="240" height="202" alt="kopete 0.12-alpha1" /></a> <p><strong>PS:</strong> If you have a “somthing.la us not a vald libray archive”, you may want to upgrade related lib (visible on -l parameter). I was having error on lbxml2.la is not a valid libaray archive and it was solved by updating lbxslt and libxml2.</p>#
datePublished: #Sun Feb 19 13:17:51 2006#
dateUpdated: #Sun Feb 19 13:17:51 2006#
# Item end ########################
# Item begin ######################
id: #hash:b195ef0537e9342c2c3e0eaf38ba9a6c#
title: #Akgregator: Possibly the best RSS app ever#
link: #http://davebgimp.com/2006/03/03/akgregator-possibly-the-best-rss-app-ever/#
description: #<p><img align="left" alt="[image: Akregator]" id="image732" title="[image: Akregator]" src="http://davebgimp.com/images/akregator.png" />What with my recent switch to <a title="The K Desktop Environment" target="_blank" href="http://davebgimp.com/wp-admin/www.kde.org/">KDE</a> and <a title="Kubuntu Linux" target="_blank" href="http://kubuntu.org/">Kubuntu</a>, I’ve been playing around with the host of new programs available at my beck and apt-get. True I could easily have run many, if not all the KDE oriented programs I wanted under <a title="The Gnome Desktop Environment" target="_blank" href="http://davebgimp.com/wp-admin/www.gnome.org/">Gnome</a>, but since I was all up in that Gnome-ness, I never really bothered even looking.</p> <p>Out of all these new applications, one that has immediately become one of my all time favorites is <a title="SourceForge page for the Akregator RSS reader" target="_blank" href="http://akregator.sourceforge.net/">Akregator</a>, the <a title="Wiki entry for RSS" target="_blank" href="http://en.wikipedia.org/wiki/RSS_%28file_format%29">RSS feed</a> aggregator for KDE.</p> <p>Akregator is hands down the best damn RSS app I’ve ever used. For the past couple of years, I’ve been eschewing desktop programs for the <a title="Mozilla Firefox web browser" target="_blank" href="http://www.spreadfirefox.com/?q=affiliates&amp;id=0&amp;t=1">Firefox</a> extension <a title="Sage RSS reader extension for Firefox" target="_blank" href="http://sage.mozdev.org/">Sage</a> due in main part to the fact that none of the apps I ever tried out had usefulness that warranted running a separate program to browse feeds. Sage was simple, light and worked well at what it was supposed to do. It also worked from within Firefox. The downside was that Sage did not automatically fetch feeds. I had to manually check them, which I didn’t like. If I have to manually check, I almost might as well just visit the site.</p> <p>Akregator sits in my task bar and I’ve set it up to check all my forty of fifty feeds every three minutes. Feeds can be prioritized, and customized with special notifications, archiving—all kinds of wacky, mind-bending shit. It’s just about everything I’ve ever wanted in an RSS aggregator.</p> <p>If you can manage running it, get it. When you do, you can subscribe to this site’s <a title="Link to RSS feed for davebgimp.com" href="http://davebgimp.com/feed/">RSS feed</a> and die happy. </p> <a href="http://davebgimp.com/index.php?tag=aggregator" rel="tag">aggregator</a>, <a href="http://davebgimp.com/index.php?tag=akgregator" rel="tag">akgregator</a>, <a href="http://davebgimp.com/index.php?tag=applications" rel="tag">applications</a>, <a href="http://davebgimp.com/index.php?tag=feed" rel="tag">feed</a>, <a href="http://davebgimp.com/index.php?tag=kde" rel="tag">kde</a>, <a href="http://davebgimp.com/index.php?tag=kubuntu" rel="tag">kubuntu</a>, <a href="http://davebgimp.com/index.php?tag=linux" rel="tag">linux</a>, <a href="http://davebgimp.com/index.php?tag=news" rel="tag">news</a>, <a href="http://davebgimp.com/index.php?tag=open-source" rel="tag">open source</a>, <a href="http://davebgimp.com/index.php?tag=oss" rel="tag">oss</a>, <a href="http://davebgimp.com/index.php?tag=programs" rel="tag">programs</a>, <a href="http://davebgimp.com/index.php?tag=reader" rel="tag">reader</a>, <a href="http://davebgimp.com/index.php?tag=rss" rel="tag">rss</a>, <a href="http://davebgimp.com/index.php?tag=syndication" rel="tag">syndication</a>#
datePublished: #Fri Mar 3 15:34:25 2006#
dateUpdated: #Fri Mar 3 15:34:25 2006#
# Item end ########################
# Item begin ######################
id: #hash:21ab3d2d09369841ee1c4ee4579b6a66#
title: #Diego Calleja Garcia: &quot;Conditional GET&quot;#
link: #http://diegocg.blogspot.com/2006/03/conditional-get.html#
description: #<p>Hace tiempo <a href="http://diegocg.blogspot.com/2005/11/odio-rss.html">me metí</a> con HTTP por ser un protocolo algo vetusto para las necesidades de hoy. Una de las cosas que odiaba especialmente es que cada vez que mi cliente RSS (akregator) mira los feeds, se baja todo el feed nuevamente incluso cuando no había habido cambios. No es un comportamiento muy óptimo: Primero se debería mirar a ver si el documento que el cliente tiene en cache está actualizado, el servidor envia un hash (o algo) en cada documento, el cliente lo almacena, y la próxima vez que vaya a mirar el documento envia o mira el hash de nuevo, y si no ha habido cambios, no se reenvia el documento. Existen problemas reales de servidores que son "atacados" por clientes de rss que se bajan todo el feed cada X tiempo (tanto, que se ha llegado a hablar de que RSS iba a acabar fracasando por no poder aguantar grandes demandas)<br><br> Aunque mi falta de pasión por HTTP persiste (sigo pensando que HTTP es perfectamente sustituible por un sistema de archivos remoto bien diseñado e implementado), me he alegrado al saber que HTTP 1.1 si puede hacer aquello de lo que yo me quejaba: Existe la posibilidad de que los clientes almacenen el campo ETag y Last-Modified cuando cogen un documento. Asi, la próxima vez que vayan a mirar ese mismo documento los clientes enviarán esos campos guardados como cabeceras "If-None-Match" e "If-Modified-Since", y el servidor responderá con el código 304, "Not Modified"<br><br> Un grep rápido me ha llevado a comprobar que firefox almacena esos campos y más en el cache, y que algunas páginas lo usan y que otras no (las páginas dinámicas parecen no estar muy interesadas en ser cacheadas, por ejemplo). Pero bueno, tan importante es criticar como hacer justicia, y si HTTP a pesar de sus defectos da la talla, la da y es justo reconocerlo. Ahora lo que me importa es conseguir que akregator de la talla y utilize esto para ahorrarme ancho de banda. Ya hay un bug abierto desde hace meses (no muy activo), y parece que KHTML está envuelto en el asunto. Ya se verá<br><br> Por si alguien tiene curiosidad, me he enterado de todo esto siguiendo un enlace sobre MSNbot. Parece ser que el bot de msn escanea los feeds con mucha frecuencia haciendo caso omiso de la utilización del conditional get, parece ser que <a href="http://www.google.com/search?q=msnbot+sucks&amp;sourceid=mozilla-search&amp;start=0&amp;start=0&amp;ie=utf-8&amp;oe=utf-8&amp;client=firefox&amp;rls=org.mozilla:es-ES:unofficial">mucha gente bloquea al bot de msn por su mal comportamiento</a></p>#
datePublished: #Sat Mar 4 21:54:41 2006#
dateUpdated: #Sat Mar 4 21:54:41 2006#
# Item end ########################
# Item begin ######################
id: #hash:368a7847a39475afe46fa057526e28b9#
title: #Anders sein#
link: #http://feeds.feedburner.com/Pixelrealitylog?m=25#
description: #<p>Ja, ich bin anders! Zumindest heißt mein Betriebssystem nicht Windows. Nicht mehr… Aber auch ich war mal ein Windows-User, bis vor <a href="http://www.pixelreality.net/2006/02/22/linux-ich-komme/">10 Tagen</a>. Viel geblieben ist nicht mehr von Windows, denn Linux bietet eigentlich fast alles, was man sich wünschen kann! Um Anderen die Hemmschwelle vor dem Umstieg zu nehmen habe ich mir mal die Mühe gemacht eine Liste anzulegen mit den meisten bzw. wichtigsten Windows-Programmen, die ich benutzt habe, und den Programmen, die jetzt unter Linux die jeweiligen Aufgaben übernommen haben:</p> <ul> <li>Microsoft Office 2003 - OpenOffice.org 2.</li> <li>ICQ 5 - Gaim</li> <li> Microsoft Outlook 2003 - KMail + Kontact</li> <li>TvGenial - TvBrowser</li> <li>Firefox - Firefox</li> <li>Winamp - amaroK</li> <li>eMule - aMule</li> <li>Windows Media Player - Totem Video-Player (mit wmv und asf Dateien klappt das nur, wenn man sich NICHT eine 64Bit Version von SuSe etc. installiert, da Windows nur Codecs für 32Bit bereitstellt. Es geht angeblich über den Umweg WINE, aber das ist mir zu aufwendig….)</li> <li>FeedDemon - Akregator</li> <li>Skype - Skype</li> <li>Adobe Photoshop - Gimp</li> </ul> <p>Mehr fällt mir spontan nicht ein, aber ich denke, die Liste zeigt schon, dass es eigentlich für jede Windows-Anwendung eine Alternative unter Linux gibt. Teilweise sogar mit besseren oder umfangreicheren Funktionen. So kann amaroK nach meinen Erfahrungen einiges mehr als Winamp unter Windows und auch Gaim ist mehr als nur ein ICQ-Ersatz, denn es kommt mit einer Vielzahl von IM-Protokollen klar und bietet eine komfortable Oberfläche ohne Werbung!<br /> Sollten mir in den nächsten Tagen noch weitere wichtige Programme einfallen, werde ich einfach diese Liste ergänzen.<br /> Bis dahin empfehle ich allen, die den Umstieg planen, sich mal <a href="http://www.linux-club.de">hier</a> umzuschauen!<br /> Und jetzt viel Erfolg beim Umstieg auf Linux!</p> <a href="http://feeds.feedburner.com/~f/Pixelrealitylog?a=GWdH3vEn"><img src="http://feeds.feedburner.com/~f/Pixelrealitylog?i=GWdH3vEn" border="0"></img></a> <a href="http://feeds.feedburner.com/~f/Pixelrealitylog?a=httF60Ik"><img src="http://feeds.feedburner.com/~f/Pixelrealitylog?i=httF60Ik" border="0"></img></a> <a href="http://feeds.feedburner.com/~f/Pixelrealitylog?a=2aisJhhE"><img src="http://feeds.feedburner.com/~f/Pixelrealitylog?i=2aisJhhE" border="0"></img></a>#
datePublished: #Sat Mar 4 15:02:06 2006#
dateUpdated: #Sat Mar 4 15:02:06 2006#
# Item end ########################
# Item begin ######################
id: #hash:fef437edde23c8160155bf89e7240e80#
title: #FeedBurner Services :: Feed haywire - duplicate posts, wrong order, etc#
link: #http://forums.feedburner.com/viewtopic.php?p=14917#14917#
description: #<b>Author:</b> Anonymous<br /> <b>Subject:</b> Feed haywire - duplicate posts, wrong order, etc<br /> <b>Posted:</b> Tue Mar 14, 2006 5:19 pm (GMT -6)<br /> <br /> I recently ported my website on How to Blog from typepad to wordpress. I figured while I was going through this whole URL change, meaning folks would need to change the URL of my feeds anyway, that I might as well use this opportunity to start using FeedBurner. <br /> <br /> The website whose feed I'm burning is: <br /> <a href="http://www.emilyrobbins.com/how-to-blog/" target="_blank">http://www.emilyrobbins.com/how-to-blog/</a> <br /> <br /> I am using WordPress 2.0+ with the ordered list plugin in order to redirect the links from <a href="http://www.emilyrobbins.com/how-to-blog/feed/" target="_blank">http://www.emilyrobbins.com/how-to-blog/feed/</a> to my feedburner feed. <br /> <br /> When I view my feed through the feedburner interface, everything looks peachy. Same for when I view it using FeedDemon (my rss reader of choice), and in bloglines.. <br /> <br /> However, I've started getting reports from my site readers that my feed is going haywire and driving them nuts! I've gotten reports of there being many duplicate posts, missing posts, posts not listed in chronological order, etc. <br /> <br /> When I tried adding my feed to my Google Personal Page, saw all 3 of those problems turn up. When I added the feed to my Google Reader account, the preview showed the posts in a bizarre order (*not* chronological) AND when I then said to actually subscribe to the feed, it only showed a single post. <br /> <br /> The first person to report the problems to me is using the following RSS Reader: <br /> Akregator for Kubuntu Linux <br /> <br /> So it would appear that some RSS readers are having serious problems with the feedburner feed. <br /> <br /> Are you aware of this problem? Has anyone else been experiencing it or is it isolated to my account? <br /> <br /> If it continues, I'll have to turn off the redirection of my feed to feedburner, which would be so saddening because I'm really enjoying the ability to have (and display) subscriber stats and add feedburner flare (some of whidh I created <img src="http://forums.feedburner.com//images/smiles/icon_smile.gif" alt="Smile" border="0" /> to my feeds. <br /> <br /> Your prompt attention to this matter is GREATLY appreciated!! <br /> <br /> Sincerely, <br /> Emily Robbins of How to Blog <br /> <a href="http://www.emilyrobbins.com/how-to-blog/" target="_blank">http://www.emilyrobbins.com/how-to-blog/</a>#
datePublished: #Wed Mar 15 01:05:49 2006#
dateUpdated: #Wed Mar 15 01:05:49 2006#
# Item end ########################
# Item begin ######################
id: #hash:2e3f5fc2eea8e88ad863ca21a87dc2a1#
title: #akregator#
link: #http://h8i.net/technology/index.php?linknum=2516#
description: #Technology: akregator#
datePublished: #Sat Mar 4 07:01:22 2006#
dateUpdated: #Sat Mar 4 07:01:22 2006#
# Item end ########################
# Item begin ######################
id: #hash:fa4d647ccff090f1137ed3931f82454c#
title: #Free Software Directory: All Packages in Directory#
link: #http://ispy-blogs.com/familygames/2006/03/free-software-directory-all-packages.html#
description: #<br>Package to write quiz-games, teaching-exercises, and psychotests akregator - [The GNU General Public License, Version 2] - 2005-03-21 00:00:00.000 RSS/Atom feed reader and aggregator for KDE<a href=http://directory.fsf.org/All_Packages_in_Directory/ target=_blank> more...</a><br><br><br><a href=http://www.familygames.com/CountClick.php?url=share%2Fawminfo.html&amp;id=rhc-det-awm-01>click here for more family fun resources...</a>#
datePublished: #Wed Mar 15 00:50:07 2006#
dateUpdated: #Wed Mar 15 00:50:07 2006#
# Item end ########################
# Item begin ######################
id: #hash:079254b2728137e886efe925bb3bd230#
title: #The joys and sorrows of linux#
link: #http://javaaddict.blogspirit.com/archive/2006/03/10/the-joys-and-sorrows-of-linux.html#
description: #<p>Linux...ever since I tried using it, I've been recommending this as the next generation OS and Desktop software.</p> <p>It's been 3 years since I started using linux, and I still feel like a n00b when it comes to it. Everthing is customizable: from front end (desktop), all the way to the kernel. It would be almost impossible to master every aspect of linux.</p> <p>One thing that amazes me, is that whenever I need a software to perform a task, I would always find something in my linux installation, without scouring thru the net for what I need (which I was accustomed to in Windows). Yesterday, I was searching for an RSS feed agregator in firefox extensions. I was playing with the start menu of my KDE 3.5 installation, when I suddenly my eyes focused on an item there. It read: "Akregator".</p> <p>The only thing that keeps me from totally migrating to linux is that I still have some hardware that requires windows. My lovely Nokia N90 is one of them.</p> <p>One annoying thing about linux (as far as I'm concerned) is finding the right distro to match your style and needs. I've already used the following (in chronological order): Red Hat, Fedora, Mandrake, Ubuntu, and Suse. Each has its pros and cons. My office PC is running on Ubuntu, and I'm giving it up, despite its popularity among the average user. I'm always lacking some header files or compilation tools. And when I find them, they are packaged as a different name.</p> <p>One good instance of this is when I was installing OpenOBEX. When I started bootstrap (which is part of the installation procedure), it gave an error saying that it couldn't find aclocal and glibtoolize. A quick search on synaptic gave no result.</p> <p>This scenario suddenly reminded me of how tedious it is to install the NVidia drivers on Ubuntu. For about a week, I was looking for binaries that had a different name under ubuntu. And with the OpenOBEX scenario, that lead me to the conclusion that Ubuntu was not for me.</p> <p>I'll be installing Suse 10 on my office PC next week. I've already tried it at home, and I have a pretty good idea on how it works. Hopefully Suse will suit my needs quite well.<br /></p> <p>Sigh...how I also wish the other game developers would also look into linux as a viable platform for games. Many hard core gamers would certainly move to Linux if they see that performance is MUCH better than running it on Windows. There have been reports of a significant performance improvement when running games on Linux than in Windows (e.g. World of Warcraft). These games were run using a middleware. Imagine their performance when they run as native Linux apps.<br /></p> <p>Overall, Linux is one great OS, and its possibilities are endless. Microsoft, on the other hand, should stop making hypes about their products and start looking at the real world.<br /></p>#
datePublished: #Fri Mar 10 06:52:55 2006#
dateUpdated: #Fri Mar 10 06:52:55 2006#
# Item end ########################
# Item begin ######################
id: #hash:521afc3a2577654b7f06bdcfe26eab37#
title: #The List of Essential Linux Software...#
link: #http://justwally.livejournal.com/33131.html#
description: #<br />I'm putting this list up for the folks who are new to Linux and are looking for programs to do something they used to do with their previous/other operating system.<br /><br />Everybody uses something, and these are the things that I use. When there are more than one program that do the same thing, the bold-faced program is the one I typically use myself. <br /> <br />Eventually, I will add links to all the software sites for the software in this list.<br /> <br />If anyone has any specific questions, please feel free to reply to this, or send me an Email (in my user info).<br /> <br /><strong> <br /></strong><u><strong>Productivity</strong></u><br /> <br /> <ul> <li>OpenOffice 1.1.x or 2.x (MS Office compatible, export directly to PDF)<br /></li> <li>Scribus (DTP/layout, similar to earlier versions of Adobe InDesign)<br /></li> <li>Kivio (MS Visio clone)<br /></li> <li>Imendio Planner (projet management)<br /></li> <li>MySQL</li> <li>MySQL Navigator</li> <li>LyX (Qt) (heavy-duty documentation tool)<br /></li> <li>Xpdf</li> <li>Tetex (bin and extra)</li> <li>kghostview (PS viewer)</li> <li>gv</li> <li>Adobe Acrobat Reader</li> </ul> <br /><u><strong>Outliner/note-taker</strong></u><br /> <br /> <ul> <li>Kjots 0.5</li> <li>Gjots2</li> </ul> (they sound the same, but are entirely different)<br /><br /><u><strong>Graphics</strong></u><br /> <br /> <ul> <li>Xfig and all import/export libraries (Incredibly rich drawing/2d CAD type program, 3-button mouse necessary)<br /></li> <li>The GIMP (similar to PhotoShop)<br /></li> <li>Inkscape (SVG vector-based graphics program)<br /></li> <li>Digikam (and plugins) (manage your digital photos and connect to your digital camera)<br /></li> <li>dcraw (allows RAW format in Digikam)<br /></li> </ul> <br /><u><strong>Ability to use many Windows applications</strong></u><br /> <br /> <ul> <li>Wine / Crossover Office</li> </ul> <br /><u><strong>Internet / net stuff</strong></u><br /> <br /> <ul> <li>gFTP</li> <li>Gaim (multiservice IM client -- Yahoo, MSN, AOL, etc.)<br /></li> <li>Xwhois</li> <li>aKregator (RSS reader...very nice)<br /></li> <li>LogJam (if you use LiveJournal)</li> <li>KWirelessMonitor (laptops, etc)</li> <li><strong>Kmail / Kontact </strong>(Email/PIM similar to MS Outlook but with very flexible GnuPG, spam, and antivirus integration)</li> <li>Evolution (Email client similar to MS Outlook, has rudimentary spam filtering, but no other integration)<br /></li> <li>Thunderbird (Email client with excellent spam filtering, but no other integration)<br /></li> <li>SeaMonkey (Mozilla) and/or Firefox</li> <li>ppp (dial-up Internet)<br /></li> <li>Nvu (wysiwyg HTML editor (Seamonkey and Mozilla Suite have a similar wysiwyg HTML editor)<br /></li> <li>kismet (finds wi-fi spots)<br /></li> <li>Samba (connect to a Windows network for printer and file sharing)<br /></li> </ul> <br /><u><strong>PIM</strong></u><br /> <br /> <ul> <li>Korganizer / Kontact / Korgac</li> </ul> <br /><u><strong>Text editor</strong></u><br /> <br /> <ul> <li>Kate</li> </ul> <br /><u><strong>Security: Encryption</strong></u><br /> <br /> <ul> <li>GnuPG</li> <li>KGpg</li> </ul> <br /><u><strong>Security: Antivirus, spam, firewall</strong></u><br /> <br /> <ul> <li>ClamAV and/or f-prot</li> <li>Spamassassin or bogofilter</li> <li>Firestarter or Guarddog</li> </ul> <br /><u><strong>Sync your PalmPilot</strong></u><br /> <br /> <ul> <li>Kpilot and/or Jpilot</li> </ul> <br /><u><strong>Multimedia</strong></u><br /> <br /> <ul> <li>Grip (audio CD ripper)<br /></li> <li>xmms (similar to WinAmp, and skinnable)<br /></li> <li><strong>LAME3.99+ </strong>(mp3 encoder/decoder)<br /></li> <li><strong>libOgg</strong> (ogg encoder/decoder, better quality than mp3)<br /></li> <li>Vorbis tools</li> <li>Toolame (another mp3 encoder/decoder)<br /></li> <li>Flac (completely lossless audio encoder/decoder)</li> <ul> <li>NOTE: In linux, when you install an audio or video encoder/decoder, it is available for use by any program.<br /></li> </ul> <li><strong>Xine</strong> (DVD/wma/video player)<br /></li> <li>Mplayer (DVD/video player)<br /></li> <li>Helix player and/or RealPlayer 10</li> <li>Lives (video editor)<br /></li> <li>Audacity (audio editor)<br /></li> <li>AmaroK or Madman (similar to the MusicMatch Jukebox genre of music players -- Madman uses xmms)<br /></li> <li>K3B (similar to NERO)<br /></li> <li>cdrdao</li> <li>cdrecord</li> <li>cdparanoia</li> <li>cdda2wav</li> </ul> <br /><strong><u>Utilities</u></strong><br /> <br /> <ul> <li>Debian: installwatch, dpkg-repack, pdbv</li> <li>arK (zip files, etc.)</li> <li>kfloppy</li> <li>Cut and Paste Utility (set to synchronize contents of clipboard and selection if you are/were a Windows user)</li> <li>Kdict (online dictionary)</li> <li>aspell (system-wide spell-checker)<br /></li> <li>perl</li> <li>python</li> <li>rsync (file synchronization)<br /></li> </ul> <br /><u><strong>GIS</strong></u><br /> <br /> <ul> <li><strong>qGIS</strong></li> <li>grass</li> </ul> <br />#
datePublished: #Fri Mar 17 21:30:12 2006#
dateUpdated: #Fri Mar 17 21:30:12 2006#
# Item end ########################
# Item begin ######################
id: #hash:03016cd2d35a98668287b7b996b9393e#
title: #Blog zum Seminar geöffnet#
link: #http://know-center.tugraz.at/vu-wt-2006/?p=4#
description: #<p>Hiermit wird der Blog zum Seminar offiziell eröffnet. Auf dieser Seite werden alle aktuellen Infos zum Seminar gepostet. Für Studierende und Interessierte empfiehlt es sich den RSS / Atom Feed (gibts für Blog Posts sowie für Kommentare) zu abonnieren um am laufenden Stand zu bleiben. Folgende Desktop Tools kommen dafür in Frage:</p> <ul> <li><a href="http://www.jetbrains.com/omea/reader/">Omea Reader</a> (Windows, Free, sehr empfehlenswert)</li> <li><a href="http://akregator.sourceforge.net/">akregator</a> (Linux KDE, GPL, sehr empfehlenswert)</li> <li><a href="http://www.sharpreader.net/">SharpReader</a> (Windows, Free)</li> <li><a href="http://www.mozilla.org">Mozilla Thunderbird</a> (Windows, Linux, usw. Mozilla License)</li> </ul> <p>Alternativ dazu gibt es mehrere Online News Aggretors</p> <ul> <li><a href="http://www.bloglines.com/">Bloglines</a></li> <li><a href="http://www.google.com/reader">Google Reader</a> (Für GMail Accounts kann ich Einladungen verschicken)</li> </ul> <p>Ihre Meinung können sie in den Kommentaren ausdrücken, oder aber auch in ihren eigenen Blogs darüber schreiben. Machen sie letzteres, dann bitte ich sie die Trackbacks zu nutzen. </p>#
datePublished: #Wed Feb 15 13:03:13 2006#
dateUpdated: #Wed Feb 15 13:03:13 2006#
# Item end ########################
# Item begin ######################
id: #hash:fc4380a4eb3237cc220751acf36685ca#
title: #Is it ugly?#
link: #http://linuxdesktoptips.blogspot.com/2006/03/is-it-ugly.html#
description: #<p>We all have different tastes. And while scientists have been trying for many years to find if there is such thing as universal beauty, KDE people decided to just leave it to us to customize the desktop to our tastes. And to do that they provide many tools. We just have to find them.</p><p>KDE can be customized in many aspects. A few days ago, I posted a screenshot of my desktop. I will start describing how I did all this, which might give you some ideas about what you could do with yours.<br /></p><p>Panels:</p><p>I have 4 panels on my desktop and an external taskbar. To add a panel right click on one of the panels and select Panel menu --> Add New Panel --> Panel. This will create a new panel. You can move the panel by just clicking on the panel and dragging it to another extremity of the desktop. Or by just right clicking on the panel --> "Configure Panel". This will open a<br />new window. You can select the panel you want to configure from there.</p><p>Let's start with the Main Panel:</p><p>Size: Normal<br />Length : 17% and have checked the "Expand as required to fit contents" button<br />On the second tab, "Hiding", I select "Only hide when a panel-hiding button is clicked" and remove the "Panel-Hiding Buttons".</p><p>Then, without closing the "Configure -KDE Panel" window, I go to the Main panel and remove everything. Right-click on each one of the items that appear there and select remove them. To remove the taskbar too, you need to click on its extremity. Then I just add the items that I use more frequently. Right-click, "add Application to Panel". I only put on my main panel the following: Firefox, Thunderbird, Akregator, aMule, Konsole, KPilot, KOrganizer, Amarok, digiKam, Kooka, K3b, Control Center, Home. Then you can also add applets to this panel. Right click, "Add Applet to Panel...". You can add the K Menu, if you want it, System<br />Menu, Trash.</p><p>Go back to the "Configure - KDE Panel" window, select "Main Panel", if it is not yet selected, and in the "Position" field you can select where to put this panel. I prefer having it at the bottom, in the middle.<br /></p><p>We have created a second panel. Select it from the box "Settings for" and position it at the top left.<br /></p><p>Length: 5%<br />Expand as required to fit contents: checked<br />Size: Tiny<br />Hiding: Allow other windows to cover the panel<br />Panel-Hiding Buttons: none</p><p>Go back to this panel and select "Add Applet to Panel" -->System Tray<br /></p><p>Let's create a third panel. Select it from the "Configure -KDE Panel" window.</p><p>Position: Bottom right<br />Length: 9%<br />Expand as required to fit contents: checked<br />Size: Normal<br />Hiding: Allow other windows to cover the panel<br />Panel-Hiding Buttons: none</p><p>Add the following applets to this panel: "Clock" and "Desktop Preview &amp; Pager".<br />You can configure these applets by right-clicking on them. On the "Desktop Preview &amp; Pager", I select Pager Options --> Background --> Transparent<br />On the clock I change the colors, depending on the wallpaper I am using.</p><p>And on to add another panel:<br />Position: Bottom left<br />Length: 6%<br />Expand as required to fit contents: Checked<br />Size: Normal<br />Hiding: Allow other windows to cover the panel<br />Panel-Hiding Buttons: none</p><p>I like having three applets on this panel: "Moon Phase", "Weather Report" and "Media Control".<br />Right-clicking on these applets allows you to configure them:<br />Moon Phase: Select your hemisphere and the view angle.<br />Weather Report: Select your location to get accurate weather reports<br />Media Control: Select the Media Player of your choice</p><p>And finally, let's add a Taskbar. Right click on one of the panels --> Add New Panel --> External Taskbar.<br />Position: Top<br />Length: 95%<br />Size: Tiny<br />Hiding: Only hide when a panel-hiding button is clicked<br />Panel-Hiding Buttons: none<br />And on the last tab named "Taskbar":<br />Show windows from all desktops: unchecked<br />Show only minimized windows: unchecked<br />Show application icons: checked<br />Group similar Tasks: When Taksbar Full<br />Appearence: For Transparency</p><p>And now the final touch. Go to the tab named "Appearence" and check "Enable transparency". Then click on Advanced Options: Applet Handles: Fade Out, Tint Amount: Min and check "Also apply to panel with menu bar".</p><p>Now your desktop should look like mine. But, since we all have different tastes, now you have an idea on what you can do to your desktop. But we're not over yet. There are plenty of things to be done. You like wallpapers? Get them for free. Go to www.kde-look.org and there you can find lots of them for free.</p><p>Did you notice that I don't have a K menu? That is because I set KDE to make the K menu appear every time I left-click on my desktop. Open the Control Center --> Desktop --> Behavior. I don't like having icons on my desktop, that's why I leave "Show icons on desktop" unchecked. "Show tooltips" checked. "Menu Bar at Top of Screen": None. Left button:<br />Application Menu, Middle button: Window List Menu, Right button: Desktop Menu.</p><p>Go back now and select "Appearance &amp; Themes".<br />Background: Here you can change your Background, adding backgrounds you download, even setting different backgrounds for each desktop.<br />Colors: You can change all of the desktop's colors. You can find lots of themes or make your own<br />Fonts: customize the fonts of your desktop<br />Icons: On www.kde-look.org you can find icon themes. Download them and install them from here.<br />Launch Feedback: Set how the computer shows it is launching an application<br />Screen Saver: Lots of screen savers to choose from<br />Splash Screen: Select the screen you like to see when you login to KDE<br />Style: Different styles for your desktop. Here you can find something cool: make your menus transparent. Select Effects --> Enable GUI effects --> Menu Effect --> Make Translucent.<br />Theme Manager: KDE themes.<br />Window Decorations: Change the way windows look.</p><p>You can find more stuff to add in the kde-look.org.</p><p>You find that these customizations are not enough for you? Install SuperKaramba. You can then start it by clicking K Menu --> Utilities --> Desktop --> SuperKaramba. You can find a lot of SuperKaramba themes in kde-look.org, such as nice analog clocks, calendars, weather report tools, etc.</p><p>So what about it now? Is KDE still ugly?</p>#
datePublished: #Mon Mar 13 17:21:31 2006#
dateUpdated: #Mon Mar 13 17:21:31 2006#
# Item end ########################
# Item begin ######################
id: #hash:01874d767e47774ddc2115a0d2e24352#
title: #Put your notes in a Basket#
link: #http://linuxdesktoptips.blogspot.com/2006/03/put-your-notes-in-basket.html#
description: #<p>BasKet is one of these tools that can make our life easier, but we usually ignore their existence.</p><p>To download basket will take care, as usual, Yast.</p><p>Once installed you will find it in K menu --> Utilities -> Desktop --> BasKet. Once you start it, it will be on your system tray, from where you can click it to start working with it.</p><p>But what does it do? It takes notes, that's all. You have a note, just put it there. And although that doesn't sound impressing, the way this little application works, is really useful.</p><p>Clicking on Basket --> New... brings up a wizard on the basket you want to create.</p><p>Creating a Notes &amp; Clips Basket, will give me a place to organize my notes on a particular subject. I can write my note, drag a photo, a link, a launcher to an application. This way I can keep all this stuff in one place, making it easy to consult them later.</p><p>Let's create a demo basket for music.</p><p>Insert --> Text<br />"Whitesnake"</p><p>Then I find some music and drag it to this basket. I just want to create a link, I leaving the song to its folder, so I just select "Link Here".</p><p>But I also have this song's lyrics in a file somewhere else on my computer. I find them and drag them in the same basket.</p><p>And I did got an RSS feed from Akregator about whitesnake... I'll just drag it from Akregator to this basket...</p><p>And I can even create a link to Amarok or Firefox, draging them from the K menu into the<a onblur="try {parent.deselectBloggerImageGracefully();} catch(e) {}" href="http://photos1.blogger.com/blogger/6849/2374/1600/snapshot12.jpg"><img src="http://photos1.blogger.com/blogger/6849/2374/320/snapshot12.jpg" alt="" border="0" /></a> basket.</p><p>This was a stupid example to show how BasKet can be used to organize various types of files in the same place. BasKet has other features too, as you can see in the wizard. You can create a check list, with things to do, for example. Stack can be used as a temporary place to store files, downloaded from the internet, for example, before you choose the folder where you will<br />permanently store them. BasKet can also make a mirror of a folder and, finally, change the way your clipboard is managed.</p>#
datePublished: #Fri Mar 17 17:26:08 2006#
dateUpdated: #Fri Mar 17 17:26:08 2006#
# Item end ########################
# Item begin ######################
id: #hash:0685c4663aac327b7458b693a8685a40#
title: #Linux Systems#
link: #http://linuxenterprise.blogspot.com/2006/03/linux-systems.html#
description: #<strong>Main Linux Office Applications</strong>OpenOffice Suite Writer Impress Math Draw Calc BaseKontact Suite Kmail Korganizer (Todo List, Calendar) Kaddressbook Knotes Knode (usenet newsreader) Kpilot KitchenSync AkregatorTask Juggler (Project Management)Gimp (Image Editing)DigiKam (Photographs)DIA (diagram drawing tool like Visio)K3b (CD Burning)Kaffeine (video)Amarok (Audio)Konqueror (File Browser)(Web Browser)Firefox(Web Browser)<strong>Linux Developer Tools</strong>EclipseOpenlaszlo.orgKdevelop.orgQuanta PlusJbossBluefishMore will go on the list as it is extensive…..<strong>Linux Server Systems</strong>Fedora Directory ServerCitadel Email ServerVMWare Virtual ServerMySQL Database ServerSmoothwall Firewall Apache Web ServerRed5 Flash Server – Not yet completed but promisingCollaborative Portal Server - <a href="http://www.cps-project.org/">http://www.cps-project.org</a>Samba &amp; NFS File &amp; Print Server<strong>Application Servers</strong>SugarCRMJoomlaOsCommerceMoodleCompiereERPXwikiWordPressXAMPPKiosk Admin Tool – for Desktop Policy EnforcementCountless others but these are the ones that looked promising.<strong>Other things to look at:</strong>KDE EnvironmentSecurity &amp; Administrative ToolsLinux MobileEmbedded LinuxCommunitiesSupportLearning Tools#
datePublished: #Thu Mar 9 08:13:02 2006#
dateUpdated: #Thu Mar 9 08:13:02 2006#
# Item end ########################
# Feed end ########################

