# Feed begin ######################
title: #Spreeblick#
link: #http://www.spreeblick.com#
description: #I live by the river!#
language: #de#
# Image begin #####################
url: #http://spreeblick.com/wp-content/themes/spreeblick_2006/images/spreeblick_logo_small.png#
height: #100#
width: #100#
# Image end #######################
# Item begin ######################
id: #http://www.spreeblick.com/2006/03/18/blog-block/#
title: #Blog-Block#
link: #http://www.spreeblick.com/2006/03/18/blog-block/#
description: #Ich sitze Block J, Tribüne 2, ganz links oben. Links neben mir Tanja. Es sind noch Plätze frei im „Größten Online-Stadion“!<br/><br/>Update: <br/>Olé! Olé, Olé, Olé!#
content: #<p>Ich sitze Block J, Tribüne 2, ganz links oben. Links neben mir Tanja. Es sind noch Plätze frei im <a href="http://www.largestonlinestadium.com/fan/Johnny">&#8222;Größten Online-Stadion&#8220;</a>!</p> <p><img id="image2291" src="http://www.spreeblick.com/wp-content/uploads/2006/03/stadion.jpg" alt="online stadion" /></p> <p>Update: <a id="more-2292"></a></p> <p>Olé! Olé, Olé, Olé!</p> <p><img id="image2293" src="http://www.spreeblick.com/wp-content/uploads/2006/03/stadion_voll.jpg" alt="stadion voll" /> </p>#
datePublished: #Sat Mar 18 00:42:26 2006#
dateUpdated: #Sat Mar 18 00:42:26 2006#
# Person begin ####################
name: #Johnny#
# Person end ######################
commentsLink: #http://www.spreeblick.com/2006/03/18/blog-block/#comments#
commentsFeed: #http://www.spreeblick.com/2006/03/18/blog-block/feed/#
# Item end ########################
# Item begin ######################
id: #http://www.spreeblick.com/2006/03/17/die-lustigste-reaktion-zum-thema/#
title: #Die lustigste Reaktion zum “Thema”#
link: #http://www.spreeblick.com/2006/03/17/die-lustigste-reaktion-zum-thema/#
description: #Sie kam bisher von Charles, ihr wisst schon, der es sich hier besonders schwer macht indem er nicht nur keine Videos zeigt sondern auch noch auf ausländisch bloggt:<br/>SELL! SELL!! SELL!!!#
content: #<p>Sie kam bisher von Charles, ihr wisst schon, der es sich hier besonders schwer macht indem er nicht nur keine Videos zeigt sondern auch noch auf <a href="http://www.spreeblick.com/category/gates-of-the-west/">ausländisch bloggt</a>:</p> <blockquote><p>SELL! SELL!! SELL!!!</p></blockquote>#
datePublished: #Fri Mar 17 17:47:59 2006#
dateUpdated: #Fri Mar 17 17:47:59 2006#
# Person begin ####################
name: #Johnny#
# Person end ######################
commentsLink: #http://www.spreeblick.com/2006/03/17/die-lustigste-reaktion-zum-thema/#comments#
commentsFeed: #http://www.spreeblick.com/2006/03/17/die-lustigste-reaktion-zum-thema/feed/#
# Item end ########################
# Item begin ######################
id: #http://www.spreeblick.com/2006/03/17/toni-mahoni-14-liebeskummer/#
title: #Toni Mahoni - 14: Liebeskummer#
link: #http://www.spreeblick.com/2006/03/17/toni-mahoni-14-liebeskummer/#
description: #Direkt-Link zu YouTube<br/>iPod-Version (M4V, 3:01, 12,1 MB)<br/>Handy-Version (3GP, 3:01, 1,6 MB)#
content: #<p><img id="image2282" src="http://www.spreeblick.com/wp-content/uploads/2006/03/toni014.jpg" alt="toni mahoni" /></p> <p><a id="more-2283"></a></p> <p><object width="425" height="350"><br /> <param name="movie" value="http://www.youtube.com/v/7TBxI0EcyrU"></param><embed src="http://www.youtube.com/v/7TBxI0EcyrU" type="application/x-shockwave-flash" width="425" height="350"></embed></object></p> <p><a href="http://www.youtube.com/watch?v=7TBxI0EcyrU">Direkt-Link zu YouTube</a><br /> <a href="http://spreeblick.com/videos/tonimahoni014.m4v">iPod-Version (M4V, 3:01, 12,1 MB)</a><br /> <a href="http://spreeblick.com/videos/tonimahoni014.3gp">Handy-Version (3GP, 3:01, 1,6 MB)</a></p>#
datePublished: #Fri Mar 17 13:18:00 2006#
dateUpdated: #Fri Mar 17 13:18:00 2006#
# Person begin ####################
name: #Johnny#
# Person end ######################
# Enclosure begin #################
url: #http://spreeblick.com/videos/tonimahoni014.m4v#
type: #video/mp4#
length: #12684514#
# Enclosure end ###################
# Enclosure begin #################
url: #http://spreeblick.com/videos/tonimahoni014.3gp#
type: #video/3gpp#
length: #1703572#
# Enclosure end ###################
commentsLink: #http://www.spreeblick.com/2006/03/17/toni-mahoni-14-liebeskummer/#comments#
commentsFeed: #http://www.spreeblick.com/2006/03/17/toni-mahoni-14-liebeskummer/feed/#
# Item end ########################
# Feed end ########################

