# Feed begin ######################
title: #sueddeutsche.de#
link: #http://www.sueddeutsche.de/#
description: #sueddeutsche.de#
copyright: #sueddeutsche.de GmbH/Süddeutsche Zeitung GmbH#
language: #de#
# Image begin #####################
url: #http://www.sueddeutsche.de/img/g_sz_logo_144.gif#
title: #sueddeutsche.de#
link: #http://www.sueddeutsche.de/#
height: #31#
width: #88#
# Image end #######################
# Item begin ######################
id: #http://www.sueddeutsche.de/kultur/special/218/65153/#
title: #Special: Der 5er.Pack#
link: #http://www.sueddeutsche.de/kultur/special/218/65153/#
description: ##
# Category begin ##################
term: #Kultur#
# Category end ####################
# Item end ########################
# Item begin ######################
id: #http://www.sueddeutsche.de/ausland/artikel/985/67918/#
title: #Iran zu Atomstreit: ''Wir haben keine Angst vor dem Klamauk des Westens''#
link: #http://www.sueddeutsche.de/ausland/artikel/985/67918/#
description: #Ebenso wie die US-Regierung will nun auch Großbritannien den Atomstreit mit Iran schnell vor den UN-Sicherheitsrat bringen. Premier Blair schließt keine Maßnahmen mehr aus, um das Nuklearprogramm von Teheran zu stoppen. Doch Irans Präsident Ahmadi-Nedschad zeigt sich unbeeindruckt.#
# Category begin ##################
term: #Ausland#
# Category end ####################
# Item end ########################
# Item begin ######################
id: #http://www.sueddeutsche.de/deutschland/artikel/995/67928/#
title: #Geheime Kooperation: BND half Amerikanern im Irak-Krieg#
link: #http://www.sueddeutsche.de/deutschland/artikel/995/67928/#
description: #Trotz offizieller Ablehnung der Militärschläge durch die Bundesregierung soll der deutsche Geheimdienst die USA beim Ausspähen von Bombenzielen unterstützt haben. Das Kanzleramt war informiert.#
# Category begin ##################
term: #Deutschland#
# Category end ####################
# Item end ########################
# Feed end ########################

