# Feed begin ######################
title: #RSS 2.0 content test G#
link: #http://www.example.com/#
description: #Feed Description#
# Item begin ######################
id: #http://www.example.com/a/1#
title: #div with xhtml as default namespace#
link: #http://www.example.com/a/1#
description: #div with default namespace#
content: #<p xmlns="http://www.w3.org/1999/xhtml">This is a paragraph. Containing <a xmlns="http://www.w3.org/1999/xhtml" href="http://www.example.com/" >a link</a> </p> <blockquote xmlns="http://www.w3.org/1999/xhtml"> <p xmlns="http://www.w3.org/1999/xhtml">This is a blockquote</p> </blockquote>#
datePublished: #Sun Mar 14 19:59:12 2004#
dateUpdated: #Sun Mar 14 19:59:12 2004#
# Item end ########################
# Feed end ########################

