# Feed begin ######################
copyright: #<div xmlns="http://www.w3.org/1999/xhtml">Example <b xmlns="http://www.w3.org/1999/xhtml">Atom</b> </div>#
# Feed end ########################

