# Feed begin ######################
# Item begin ######################
id: #hash:3dfaa01c04dceba8e0d1cf00e67e32c5#
description: #A &amp; B. The history of the &lt;blink> tag.#
# Item end ########################
# Item begin ######################
id: #hash:3dfaa01c04dceba8e0d1cf00e67e32c5#
description: #A &amp; B. The history of the &lt;blink> tag.#
# Item end ########################
# Item begin ######################
id: #hash:c1fc3d21046625737cd92dacb5870987#
description: #A &amp; B. The history of the &lt;blink> tag. And a <a href="http://www.example.com/">link</a>.#
# Item end ########################
# Item begin ######################
id: #hash:e2e0632d3e53308563825cb886842145#
description: #<div xmlns="http://www.w3.org/1999/xhtml">History of the &lt;blink> tag</div>#
# Item end ########################
# Item begin ######################
id: #hash:71cbfb385947b0f097b00b78b7d93ea6#
content: #summary with type=text/plain. This is not valid in Atom 1.0, where type must be one of text|html|xhtml. So libsyndication does not parse it for now. If this becomes a problem with real-world feeds, we might parse less strict in future.#
# Item end ########################
# Item begin ######################
id: #hash:841733879f8f7b41b78ab5c0124fcd74#
content: #Invalid. base64-encoded summary with type=application/octet-stream. Types other than text, html, xhtml are invalid in Atom 1.0.#
# Item end ########################
# Feed end ########################

