# Feed begin ######################
copyright: #Example <b>Atom</b>#
# Feed end ########################

