# Feed begin ######################
# Image begin #####################
url: #http://example.com/logo.jpg#
# Image end #######################
# Feed end ########################

